main.c:142:5:main	48	static
main.c:238:6:SystemClock_Config	216	static
main.c:320:13:MX_ADC3_Init	24	static
main.c:370:13:MX_CRC_Init	8	static
main.c:401:13:MX_DCMI_Init	8	static
main.c:438:13:MX_DMA2D_Init	8	static
main.c:475:13:MX_I2C1_Init	8	static
main.c:521:13:MX_I2C3_Init	8	static
main.c:567:13:MX_LTDC_Init	112	static
main.c:648:13:MX_QUADSPI_Init	8	static
main.c:683:13:MX_RTC_Init	80	static
main.c:775:13:MX_SAI2_Init	8	static
main.c:850:13:MX_SDMMC1_SD_Init	4	static
main.c:878:13:MX_SPDIFRX_Init	8	static
main.c:914:13:MX_SPI2_Init	8	static
main.c:954:13:MX_TIM2_Init	64	static
main.c:1013:13:MX_TIM3_Init	64	static
main.c:1072:13:MX_TIM5_Init	64	static
main.c:1131:13:MX_TIM8_Init	40	static
main.c:1178:13:MX_TIM12_Init	40	static
main.c:1220:13:MX_USART6_UART_Init	8	static
main.c:1255:13:MX_USB_OTG_FS_USB_Init	4	static
main.c:1272:13:MX_FMC_Init	40	static
main.c:1378:13:MX_GPIO_Init	72	static
main.c:1599:6:StartDefaultTask	16	static
main.c:1619:6:HAL_TIM_PeriodElapsedCallback	16	static
main.c:1636:6:Error_Handler	4	static
