main.c:141:5:main	48	static
main.c:237:6:SystemClock_Config	216	static
main.c:319:13:MX_ADC3_Init	24	static
main.c:369:13:MX_CRC_Init	8	static
main.c:400:13:MX_DCMI_Init	8	static
main.c:437:13:MX_DMA2D_Init	8	static
main.c:474:13:MX_I2C1_Init	8	static
main.c:520:13:MX_I2C3_Init	8	static
main.c:566:13:MX_LTDC_Init	112	static
main.c:647:13:MX_QUADSPI_Init	8	static
main.c:682:13:MX_RTC_Init	80	static
main.c:774:13:MX_SAI2_Init	8	static
main.c:849:13:MX_SDMMC1_SD_Init	4	static
main.c:877:13:MX_SPDIFRX_Init	8	static
main.c:913:13:MX_SPI2_Init	8	static
main.c:953:13:MX_TIM2_Init	64	static
main.c:1012:13:MX_TIM3_Init	64	static
main.c:1071:13:MX_TIM5_Init	64	static
main.c:1130:13:MX_TIM8_Init	40	static
main.c:1177:13:MX_TIM12_Init	40	static
main.c:1219:13:MX_USART6_UART_Init	8	static
main.c:1254:13:MX_USB_OTG_FS_USB_Init	4	static
main.c:1271:13:MX_FMC_Init	40	static
main.c:1377:13:MX_GPIO_Init	72	static
main.c:1598:6:StartDefaultTask	16	static
main.c:1618:6:HAL_TIM_PeriodElapsedCallback	16	static
main.c:1635:6:Error_Handler	4	static
