main.c:132:5:main	112	static
main.c:232:6:SystemClock_Config	216	static
main.c:311:13:MX_ADC3_Init	24	static
main.c:361:13:MX_CRC_Init	8	static
main.c:392:13:MX_DCMI_Init	8	static
main.c:429:13:MX_DMA2D_Init	8	static
main.c:466:13:MX_I2C1_Init	8	static
main.c:512:13:MX_I2C3_Init	8	static
main.c:558:13:MX_LTDC_Init	112	static
main.c:639:13:MX_QUADSPI_Init	8	static
main.c:674:13:MX_RTC_Init	80	static
main.c:766:13:MX_SAI2_Init	8	static
main.c:841:13:MX_SPDIFRX_Init	8	static
main.c:877:13:MX_USART6_UART_Init	8	static
main.c:908:13:MX_FMC_Init	40	static
main.c:1014:13:MX_GPIO_Init	72	static
main.c:1215:6:StartDefaultTask	16	static
main.c:1234:6:StartUartTask	16	static
main.c:1255:6:StartMusicTask	16	static
main.c:1276:6:HAL_TIM_PeriodElapsedCallback	16	static
main.c:1293:6:Error_Handler	4	static
