main.c:144:5:main	48	static
main.c:240:6:SystemClock_Config	216	static
main.c:323:13:MX_ADC3_Init	24	static
main.c:373:13:MX_CRC_Init	8	static
main.c:404:13:MX_DCMI_Init	8	static
main.c:441:13:MX_DMA2D_Init	8	static
main.c:478:13:MX_I2C1_Init	8	static
main.c:524:13:MX_I2C3_Init	8	static
main.c:570:13:MX_LTDC_Init	112	static
main.c:651:13:MX_QUADSPI_Init	8	static
main.c:686:13:MX_RTC_Init	80	static
main.c:778:13:MX_SAI2_Init	8	static
main.c:853:13:MX_SDMMC1_SD_Init	4	static
main.c:881:13:MX_SPDIFRX_Init	8	static
main.c:917:13:MX_SPI2_Init	8	static
main.c:957:13:MX_TIM1_Init	112	static
main.c:1037:13:MX_TIM2_Init	64	static
main.c:1096:13:MX_TIM3_Init	64	static
main.c:1155:13:MX_TIM5_Init	64	static
main.c:1214:13:MX_TIM8_Init	40	static
main.c:1261:13:MX_TIM12_Init	40	static
main.c:1303:13:MX_USART1_UART_Init	8	static
main.c:1338:13:MX_USART6_UART_Init	8	static
main.c:1369:13:MX_FMC_Init	40	static
main.c:1475:13:MX_GPIO_Init	72	static
main.c:1672:6:StartDefaultTask	16	static
main.c:1692:6:HAL_TIM_PeriodElapsedCallback	16	static
main.c:1709:6:Error_Handler	4	static
