main.c:132:5:main	112	static
main.c:232:6:SystemClock_Config	216	static
main.c:307:13:MX_ADC3_Init	24	static
main.c:356:13:MX_CRC_Init	8	static
main.c:386:13:MX_DCMI_Init	8	static
main.c:422:13:MX_DMA2D_Init	8	static
main.c:458:13:MX_I2C1_Init	8	static
main.c:503:13:MX_I2C3_Init	8	static
main.c:548:13:MX_LTDC_Init	112	static
main.c:628:13:MX_QUADSPI_Init	8	static
main.c:662:13:MX_RTC_Init	80	static
main.c:753:13:MX_SAI2_Init	8	static
main.c:827:13:MX_SPDIFRX_Init	8	static
main.c:862:13:MX_USART6_UART_Init	8	static
main.c:892:13:MX_FMC_Init	40	static
main.c:998:13:MX_GPIO_Init	72	static
main.c:1203:6:StartDefaultTask	16	static
main.c:1222:6:StartUartTask	16	static
main.c:1243:6:StartMusicTask	16	static
main.c:1264:6:HAL_TIM_PeriodElapsedCallback	16	static
main.c:1282:6:Error_Handler	4	static
