stm32f7xx_hal_msp.c:64:6:HAL_MspInit	16	static
stm32f7xx_hal_msp.c:88:6:HAL_ADC_MspInit	48	static
stm32f7xx_hal_msp.c:133:6:HAL_ADC_MspDeInit	16	static
stm32f7xx_hal_msp.c:169:6:HAL_CRC_MspInit	24	static
stm32f7xx_hal_msp.c:191:6:HAL_CRC_MspDeInit	16	static
stm32f7xx_hal_msp.c:213:6:HAL_DCMI_MspInit	64	static
stm32f7xx_hal_msp.c:291:6:HAL_DCMI_MspDeInit	16	static
stm32f7xx_hal_msp.c:338:6:HAL_DMA2D_MspInit	24	static
stm32f7xx_hal_msp.c:363:6:HAL_DMA2D_MspDeInit	16	static
stm32f7xx_hal_msp.c:388:6:HAL_I2C_MspInit	56	static
stm32f7xx_hal_msp.c:448:6:HAL_I2C_MspDeInit	16	static
stm32f7xx_hal_msp.c:499:6:HAL_LTDC_MspInit	64	static
stm32f7xx_hal_msp.c:600:6:HAL_LTDC_MspDeInit	16	static
stm32f7xx_hal_msp.c:669:6:HAL_QSPI_MspInit	56	static
stm32f7xx_hal_msp.c:732:6:HAL_QSPI_MspDeInit	16	static
stm32f7xx_hal_msp.c:769:6:HAL_RTC_MspInit	16	static
stm32f7xx_hal_msp.c:791:6:HAL_RTC_MspDeInit	16	static
stm32f7xx_hal_msp.c:813:6:HAL_SPDIFRX_MspInit	48	static
stm32f7xx_hal_msp.c:848:6:HAL_SPDIFRX_MspDeInit	16	static
stm32f7xx_hal_msp.c:876:6:HAL_UART_MspInit	48	static
stm32f7xx_hal_msp.c:915:6:HAL_UART_MspDeInit	16	static
stm32f7xx_hal_msp.c:942:13:HAL_FMC_MspInit	32	static
stm32f7xx_hal_msp.c:1048:6:HAL_SDRAM_MspInit	16	static
stm32f7xx_hal_msp.c:1060:13:HAL_FMC_MspDeInit	8	static
stm32f7xx_hal_msp.c:1134:6:HAL_SDRAM_MspDeInit	16	static
stm32f7xx_hal_msp.c:1146:6:HAL_SAI_MspInit	48	static
stm32f7xx_hal_msp.c:1196:6:HAL_SAI_MspDeInit	16	static
